filesize =   614 KB
imported

PCM
Number of channels: 1
Sample Rate (Hz): 44100
Bytes Per Second: 88200
Bits Per Sample: 16

Found leader and start bit

Byte #01 = 0xB3
Byte #02 = 0x9D
Byte #03 = 0x25 ('%') = type  BINARY

Byte #04-#11 = 0x4D 0x55 0x53 0x49 0x43 0x20 0x20 0x20  ('MUSIC   ')
Byte #12 = 0x00

Byte #13-#14 = 0x00 0x43  (START = 0x4300) 
Byte #15-#16 = 0x9F 0x46  (END   = 0x469F) 
Byte #17-#18 = 0x00 0x43  (ENTRY = 0x4300) 

Byte #19 = 0x0E (checksum, match against 0x0E)
--> MATCH !


Found second leader and start bit

Block 2 Byte #01 = 0xB3

   
0x4300: C3 BB 44 00 00 3C 2A 00 20 3F 47 4F 57 2F 37 00    ..D..<*. ?GOW/7.
0x4310: D9 3A 7F 38 A7 20 05 CD 96 44 18 F5 06 FF 10 FE    .:8. ...D......
0x4320: 11 09 43 21 01 38 3E 00 B6 20 08 1C CB 25 F2 28    ..C!.8>.. ...%.(
0x4330: 43 18 DE EB 46 04 CB 3F 20 FB 2A 04 43 7E FE 2A    C...F..? .*.C~.*
0x4340: CC A0 44 78 FE 03 CA 5C 48 FE 04 28 50 FE 05 28    ..Dx...\H..(P..(
0x4350: 5B FE 06 28 65 FE 07 28 6C FE 49 CA 2C 44 FE 44    [..(e..(l.I.,D.D
0x4360: CA 4F 44 FE 48 CA 71 44 FE 4C CA 80 44 FE 01 CA    .OD.H.qD.L..D...
0x4370: 0A 44 FE 08 28 5E FE 02 CA 16 44 FE 40 30 14 FE    .D..(^....D.@0..
0x4380: 3C 30 09 CD B5 44 28 0B D6 10 18 07 CD B5 44 20    <0...D(.......D 
0x4390: 02 D6 10 2A 04 43 77 23 22 04 43 18 4F CD B5 44    ...*.Cw#".C.O..D
0x43A0: 20 2E 2A 04 43 11 40 00 ED 52 18 40 CD B5 44 20     .*.C.@..R.@..D 
0x43B0: 1F 2A 04 43 11 40 00 19 18 32 CD B5 44 20 11 2A    .*.C.@...2..D .*
0x43C0: 04 43 2B 18 27 CD B5 44 20 06 2A 04 43 23 18 1C    .C+.'..D .*.C#..
0x43D0: C6 57 18 BF 3E 20 18 BB 06 80 3A 7F 38 B7 CA 11    .W..> ....:8...
0x43E0: 43 C5 06 FF 10 FE C1 10 F1 C3 11 43 22 04 43 7C    C..........C".C|
0x43F0: FE 3B 28 09 FE 40 28 0D CD A0 44 18 DB C6 04 67    .;(..@(...D....g
0x4400: 22 04 43 18 F3 D6 04 67 18 F6 3A 7F 38 B7 20 FA    ".C....g..:8. .
0x4410: 06 00 10 FE D9 C9 CD 1B 44 18 BD 21 00 3C 22 04    ........D..!.<".
0x4420: 43 11 01 3C 01 FF 03 36 20 ED B0 C9 CD B5 44 CA    C..<...6 .....D.
0x4430: 93 43 ED 4B 04 43 11 FF 3F 21 FE 3F ED A8 03 7D    .C.K.C..?!.?...}
0x4440: B9 20 F9 7C B8 20 F5 ED A8 03 3E 20 02 18 89 CD    . .|. ....> ....
0x4450: B5 44 CA 93 43 ED 5B 04 43 2A 04 43 23 ED A0 7D    .D..C.[.C*.C#..}
0x4460: FE FF 20 F9 7C FE 3F 20 F4 3E 20 32 FF 3F C3 D8    .. .|.? .> 2.?..
0x4470: 43 CD B5 44 CA 93 43 21 00 3C 22 04 43 C3 D8 43    C..D..C!.<".C..C
0x4480: CD B5 44 CA 93 43 2A 04 43 7D E6 C0 F6 3F 6F 23    ..D..C*.C}...?o#
0x4490: 22 04 43 C3 D8 43 2A 07 43 2B 22 07 43 7D B4 C0    ".C..C*.C+".C}..
0x44A0: C5 21 00 20 22 07 43 2A 04 43 11 06 43 1A 46 4F    .!. ".C*.C..C.FO
0x44B0: 78 12 71 C1 C9 21 80 38 CB 46 C9 C3 F9 45 00 40    x.q..!.8.F...E.@
0x44C0: 00 F3 E6 D9 CD C1 B6 AC A2 99 91 89 81 79 73 6C    .............ysl
0x44D0: 66 60 5B 56 51 4C 48 44 40 3C 39 36 33 30 2D 2B    f`[VQLHD@<9630-+
0x44E0: 28 26 24 22 20 1E F5 E7 DA CE C3 B8 AD A4 9B 91    (&$" ...........
0x44F0: 89 82 7B 73 6E 67 62 5C 57 52 4E 49 45 41 3E 3A    ..{sngb\WRNIEA>:
0x4500: 37 34 31 2E 2B 29 27 25 23 21 1F E9 CE B4 9C 85    741.+)'%#!......
0x4510: 6F 5A 47 35 24 22 20 1E 1C 1B 19 18 16 15 14 13    oZG5$" .........
0x4520: 12 11 10 0F 0E 0D 0C 0C 0B 0A 0A 09 09 08 08 07    ................
0x4530: FF FF FF FF FF FF FF FF FF FE F0 E3 D6 CA BF B4    ................
0x4540: AA A1 98 8E 87 7F 78 71 6B 65 60 5B 55 50 4C 47    .....xqke`[UPLG
0x4550: 44 40 3D 39 36 E9 CE B4 9C 85 6F 5A 51 4C 48 44    D@=96.....oZQLHD
0x4560: 40 3C 39 36 33 30 2D 2B 28 26 24 22 20 1E 1C 1B    @<9630-+(&$" ...
0x4570: 19 18 16 15 14 13 12 11 10 0F FF FF FF FF FF FF    ................
0x4580: FF F5 E8 DA CE C3 B8 AD A4 9A 92 8A 82 7B 74 6D    .............{tm
0x4590: 67 61 5C 57 52 4E 49 45 41 3D 3A 37 34 31 2E 20    ga\WRNIEA=:741. 
0x45A0: 22 24 26 28 2B 2D 30 33 36 39 3C 40 44 48 4C 51    "$&(+-0369<@DHLQ
0x45B0: 55 5A 60 65 6B 72 79 80 87 8F 98 A1 AB B5 C0 CB    UZ`ekry.........
0x45C0: D7 E4 F1 FF 15 17 18 19 1B 1D 1E 20 22 24 26 28    ........... "$&(
0x45D0: 2B 2D 30 33 36 39 3C 40 43 47 4C 51 55 5A 5F 65    +-0369<@CGLQUZ_e
0x45E0: 6B 72 79 80 87 8F 98 A1 AA 43 00 44 02 45 04 46    kry......C.D.E.F
0x45F0: 05 47 07 41 09 42 0B 52 0F 21 00 3C 22 68 40 11    .G.A.B.R.!.<"h@.
0x4600: 01 3C 01 FF 03 36 20 ED B0 21 03 43 F9 CD 10 43    .<...6 ..!.C...C
0x4610: 3E 04 D3 FF 21 C1 44 E5 DD E1 21 9F 45 E5 FD E1    >...!.D...!.E...
0x4620: 21 BF 44 36 40 21 BE 44 36 0C 21 C0 44 36 00 06    !.D6@!.D6.!.D6..
0x4630: 0E CD 3E 48 10 FB 21 00 3C 3E 40 BC 20 06 3E 00    ..>H..!.<>@. .>.
0x4640: D3 FF 18 C5 3A 7F 38 A7 20 F4 7E 23 11 E9 45 06    ....:8. .~#..E.
0x4650: 08 4F 1A B9 CA 4E 47 13 13 10 F7 79 FE 5B 20 0D    .O...NG....y.[ .
0x4660: 11 BE 44 1A FE 18 28 D1 C6 0C 12 18 CC FE 5C 20    ..D...(.......\ 
0x4670: 0D 11 BE 44 1A FE 00 28 C0 D6 0C 12 18 BB FE 28    ...D...(.......(
0x4680: 20 0E 46 23 E5 CB A0 CB A8 CB B0 CB B8 C5 18 A9     .F#............
0x4690: FE 29 20 12 C1 10 0A C1 E5 21 C0 44 CB 96 E1 18    .) ......!.D....


Block 2 Final Byte = 0x1A  (checksum, match against 0x1A)
--> MATCH !

END of FILE. fileptr =  562906
